=== auto_finish: Sun May 31 19:07:43 +04 2026 ===
19:07:43 Расчёты LAMMPS ещё идут...
19:09:43 Расчёты LAMMPS ещё идут...
19:11:43 Расчёты LAMMPS ещё идут...
19:13:44 Расчёты LAMMPS ещё идут...
19:15:44 Расчёты LAMMPS ещё идут...
19:17:44 Расчёты LAMMPS ещё идут...
19:19:44 Расчёты LAMMPS ещё идут...
19:21:44 Расчёты LAMMPS ещё идут...
19:23:44 Расчёты LAMMPS ещё идут...
19:25:44 Расчёты LAMMPS ещё идут...
19:27:44 Расчёты LAMMPS ещё идут...
19:29:44 Расчёты LAMMPS ещё идут...
19:31:44 Расчёты LAMMPS ещё идут...
19:33:44 Расчёты LAMMPS ещё идут...
19:35:44 Расчёты LAMMPS ещё идут...
19:37:44 Расчёты LAMMPS ещё идут...
19:39:44 Расчёты LAMMPS ещё идут...
19:41:44 Расчёты LAMMPS ещё идут...
19:43:44 Расчёты LAMMPS ещё идут...
19:45:44 Расчёты LAMMPS ещё идут...
19:47:44 Расчёты LAMMPS ещё идут...
19:49:44 Расчёты LAMMPS ещё идут...
19:51:44 Расчёты LAMMPS ещё идут...
19:53:44 Расчёты LAMMPS ещё идут...
19:55:44 Расчёты LAMMPS ещё идут...
19:57:44 Расчёты LAMMPS ещё идут...
19:59:45 Расчёты LAMMPS ещё идут...
20:01:45 Расчёты LAMMPS ещё идут...
20:03:45 Расчёты LAMMPS ещё идут...
20:05:45 Расчёты LAMMPS ещё идут...
20:07:45 Расчёты LAMMPS ещё идут...
20:09:45 Расчёты LAMMPS ещё идут...
20:11:45 Расчёты LAMMPS ещё идут...
20:13:45 Расчёты LAMMPS ещё идут...
20:15:45 Расчёты LAMMPS ещё идут...
20:17:45 Расчёты LAMMPS ещё идут...
20:19:45 Расчёты LAMMPS ещё идут...
20:21:45 Расчёты LAMMPS ещё идут...
20:23:45 Расчёты LAMMPS ещё идут...
20:25:45 Расчёты LAMMPS ещё идут...
20:27:45 Расчёты LAMMPS ещё идут...
20:29:45 Расчёты LAMMPS ещё идут...
20:31:45 Расчёты LAMMPS ещё идут...
21:29:49 Расчёты LAMMPS ещё идут...
21:31:49 Расчёты LAMMPS ещё идут...
21:33:49 Расчёты LAMMPS ещё идут...
21:35:49 Расчёты LAMMPS ещё идут...
21:37:49 Расчёты LAMMPS ещё идут...
21:39:49 Расчёты LAMMPS ещё идут...
21:41:49 Расчёты LAMMPS ещё идут...
21:43:49 Расчёты LAMMPS ещё идут...
21:45:49 Расчёты LAMMPS ещё идут...
21:47:49 Расчёты LAMMPS ещё идут...
21:49:49 Расчёты LAMMPS ещё идут...
21:51:49 Расчёты LAMMPS ещё идут...
21:55:58 Расчёты LAMMPS ещё идут...
21:57:58 Расчёты LAMMPS ещё идут...
21:59:59 Расчёты LAMMPS ещё идут...
22:01:59 Расчёты LAMMPS ещё идут...
22:03:59 Расчёты LAMMPS ещё идут...
22:05:59 Расчёты LAMMPS ещё идут...
22:07:59 Расчёты LAMMPS ещё идут...
22:09:59 Расчёты LAMMPS ещё идут...
22:11:59 Расчёты LAMMPS ещё идут...
22:13:59 Расчёты LAMMPS ещё идут...
22:15:59 Расчёты LAMMPS ещё идут...
LAMMPS завершён. Сбор результатов...
Сохранено: /Users/danilavertiy/Downloads/atomsk-polycrystal-tension/figures/stress_strain_Cu.png
Сохранено: /Users/danilavertiy/Downloads/atomsk-polycrystal-tension/figures/stress_strain_Al.png
Сохранено: /Users/danilavertiy/Downloads/atomsk-polycrystal-tension/figures/stress_strain_combined.png
Рендер: Cu_poly.cfg -> ovito_Cu_polycrystal.png
Рендер: Al_poly.cfg -> ovito_Al_polycrystal.png
Кадр траектории: /Users/danilavertiy/Downloads/atomsk-polycrystal-tension/results/quick_Cu_300K/dump_tension.lammpstrj
Скриншоты в /Users/danilavertiy/Downloads/atomsk-polycrystal-tension/figures/
Презентация сохранена: /Users/danilavertiy/Downloads/atomsk-polycrystal-tension/presentation/ATOMSK_курсовая.pptx
Для просмотра: /Users/danilavertiy/Downloads/atomsk-polycrystal-tension/Презентация/ATOMSK_курсовая.pptx
=== Готово: Sun May 31 22:18:06 +04 2026 ===
Презентация: /Users/danilavertiy/Downloads/atomsk-polycrystal-tension/Презентация/ATOMSK_курсовая.pptx
Скриншоты OVITO: /Users/danilavertiy/Downloads/atomsk-polycrystal-tension/figures/ovito_*.png
